
  .   ____          _            __ _ _
 /\\ / ___'_ __ _ _(_)_ __  __ _ \ \ \ \
( ( )\___ | '_ | '_| | '_ \/ _` | \ \ \ \
 \\/  ___)| |_)| | | | | || (_| |  ) ) ) )
  '  |____| .__|_| |_|_| |_\__, | / / / /
 =========|_|==============|___/=/_/_/_/

 :: Spring Boot ::                (v3.3.5)

2026-09-02T16:23:17.806+09:00  INFO 22084 --- [           main] com.dbagent.DbAgentApplication           : Starting DbAgentApplication v0.1.0 using Java 17.0.20 with PID 22084 (C:\AI-PROJECTS\DBAgent-Java\target\dbagent-java-0.1.0.jar started by À±ÀÎ¼ö in C:\AI-PROJECTS\DBAgent-Java)
2026-09-02T16:23:17.809+09:00  INFO 22084 --- [           main] com.dbagent.DbAgentApplication           : No active profile set, falling back to 1 default profile: "default"
2026-09-02T16:23:19.074+09:00  INFO 22084 --- [           main] o.s.b.w.embedded.tomcat.TomcatWebServer  : Tomcat initialized with port 8006 (http)
2026-09-02T16:23:19.086+09:00  INFO 22084 --- [           main] o.apache.catalina.core.StandardService   : Starting service [Tomcat]
2026-09-02T16:23:19.087+09:00  INFO 22084 --- [           main] o.apache.catalina.core.StandardEngine    : Starting Servlet engine: [Apache Tomcat/10.1.31]
2026-09-02T16:23:19.121+09:00  INFO 22084 --- [           main] o.a.c.c.C.[Tomcat].[localhost].[/]       : Initializing Spring embedded WebApplicationContext
2026-09-02T16:23:19.122+09:00  INFO 22084 --- [           main] w.s.c.ServletWebServerApplicationContext : Root WebApplicationContext: initialization completed in 1269 ms
2026-09-02T16:23:19.391+09:00  INFO 22084 --- [           main] com.zaxxer.hikari.HikariDataSource       : HikariPool-1 - Starting...
2026-09-02T16:23:19.673+09:00  INFO 22084 --- [           main] com.zaxxer.hikari.pool.HikariPool        : HikariPool-1 - Added connection org.sqlite.jdbc4.JDBC4Connection@93824eb
2026-09-02T16:23:19.675+09:00  INFO 22084 --- [           main] com.zaxxer.hikari.HikariDataSource       : HikariPool-1 - Start completed.
2026-09-02T16:23:19.819+09:00  INFO 22084 --- [           main] o.s.b.a.w.s.WelcomePageHandlerMapping    : Adding welcome page: class path resource [static/index.html]
2026-09-02T16:23:20.151+09:00  INFO 22084 --- [           main] o.s.b.w.embedded.tomcat.TomcatWebServer  : Tomcat started on port 8006 (http) with context path '/'
2026-09-02T16:23:20.169+09:00  INFO 22084 --- [           main] com.dbagent.DbAgentApplication           : Started DbAgentApplication in 2.756 seconds (process running for 3.15)
2026-09-02T16:23:24.321+09:00  INFO 22084 --- [nio-8006-exec-3] o.a.c.c.C.[Tomcat].[localhost].[/]       : Initializing Spring DispatcherServlet 'dispatcherServlet'
2026-09-02T16:23:24.322+09:00  INFO 22084 --- [nio-8006-exec-3] o.s.web.servlet.DispatcherServlet        : Initializing Servlet 'dispatcherServlet'
2026-09-02T16:23:24.324+09:00  INFO 22084 --- [nio-8006-exec-3] o.s.web.servlet.DispatcherServlet        : Completed initialization in 2 ms
2026-09-02T16:25:15.314+09:00  INFO 22084 --- [pool-2-thread-1] com.zaxxer.hikari.HikariDataSource       : oracle-patent_integ_1 - Starting...
2026-09-02T16:25:15.315+09:00  INFO 22084 --- [pool-2-thread-2] com.zaxxer.hikari.HikariDataSource       : oracle-patent_integ_2 - Starting...
2026-09-02T16:25:15.316+09:00  INFO 22084 --- [pool-2-thread-1] com.zaxxer.hikari.HikariDataSource       : oracle-patent_integ_1 - Start completed.
2026-09-02T16:25:15.316+09:00  INFO 22084 --- [pool-2-thread-3] com.zaxxer.hikari.HikariDataSource       : oracle-patent_search_1 - Starting...
2026-09-02T16:25:15.317+09:00  INFO 22084 --- [pool-2-thread-2] com.zaxxer.hikari.HikariDataSource       : oracle-patent_integ_2 - Start completed.
2026-09-02T16:25:15.317+09:00  INFO 22084 --- [pool-2-thread-4] com.zaxxer.hikari.HikariDataSource       : oracle-patent_search_2 - Starting...
2026-09-02T16:25:15.318+09:00  INFO 22084 --- [pool-2-thread-3] com.zaxxer.hikari.HikariDataSource       : oracle-patent_search_1 - Start completed.
2026-09-02T16:25:15.318+09:00  INFO 22084 --- [pool-2-thread-5] com.zaxxer.hikari.HikariDataSource       : oracle-patent_portal_1 - Starting...
2026-09-02T16:25:15.319+09:00  INFO 22084 --- [pool-2-thread-6] com.zaxxer.hikari.HikariDataSource       : oracle-patent_portal_2 - Starting...
2026-09-02T16:25:15.320+09:00  INFO 22084 --- [pool-2-thread-4] com.zaxxer.hikari.HikariDataSource       : oracle-patent_search_2 - Start completed.
2026-09-02T16:25:15.320+09:00  INFO 22084 --- [pool-2-thread-5] com.zaxxer.hikari.HikariDataSource       : oracle-patent_portal_1 - Start completed.
2026-09-02T16:25:15.321+09:00  INFO 22084 --- [pool-2-thread-6] com.zaxxer.hikari.HikariDataSource       : oracle-patent_portal_2 - Start completed.
2026-09-02T16:25:15.321+09:00  INFO 22084 --- [pool-2-thread-7] com.zaxxer.hikari.HikariDataSource       : oracle-TEST01 - Starting...
2026-09-02T16:25:15.322+09:00  INFO 22084 --- [pool-2-thread-8] com.zaxxer.hikari.HikariDataSource       : oracle-TEST02 - Starting...
2026-09-02T16:25:15.322+09:00  INFO 22084 --- [pool-2-thread-7] com.zaxxer.hikari.HikariDataSource       : oracle-TEST01 - Start completed.
2026-09-02T16:25:15.323+09:00  INFO 22084 --- [pool-2-thread-8] com.zaxxer.hikari.HikariDataSource       : oracle-TEST02 - Start completed.
2026-09-02T16:25:18.356+09:00  INFO 22084 --- [nio-8006-exec-3] com.zaxxer.hikari.HikariDataSource       : oracle-default - Starting...
2026-09-02T16:25:18.358+09:00  INFO 22084 --- [nio-8006-exec-3] com.zaxxer.hikari.HikariDataSource       : oracle-default - Start completed.
2026-09-02T16:25:20.345+09:00  WARN 22084 --- [pool-2-thread-3] com.dbagent.monitor.MonitorService       : fleet_status failed for db_id=patent_search_1 after 5029ms: java.sql.SQLTransientConnectionException: oracle-patent_search_1 - Connection is not available, request timed out after 5008ms (total=0, active=0, idle=0, waiting=0)
2026-09-02T16:25:20.345+09:00  WARN 22084 --- [pool-2-thread-4] com.dbagent.monitor.MonitorService       : fleet_status failed for db_id=patent_search_2 after 5028ms: java.sql.SQLTransientConnectionException: oracle-patent_search_2 - Connection is not available, request timed out after 5006ms (total=0, active=0, idle=0, waiting=0)
2026-09-02T16:25:20.345+09:00  WARN 22084 --- [pool-2-thread-6] com.dbagent.monitor.MonitorService       : fleet_status failed for db_id=patent_portal_2 after 5026ms: java.sql.SQLTransientConnectionException: oracle-patent_portal_2 - Connection is not available, request timed out after 5005ms (total=0, active=0, idle=0, waiting=0)
2026-09-02T16:25:20.346+09:00  WARN 22084 --- [pool-2-thread-5] com.dbagent.monitor.MonitorService       : fleet_status failed for db_id=patent_portal_1 after 5028ms: java.sql.SQLTransientConnectionException: oracle-patent_portal_1 - Connection is not available, request timed out after 5006ms (total=0, active=0, idle=0, waiting=0)
2026-09-02T16:26:00.134+09:00  WARN 22084 --- [pool-2-thread-4] com.dbagent.monitor.MonitorService       : fleet_status failed for db_id=patent_search_1 after 5000ms: java.sql.SQLTransientConnectionException: oracle-patent_search_1 - Connection is not available, request timed out after 5000ms (total=0, active=0, idle=0, waiting=0)
2026-09-02T16:26:00.150+09:00  WARN 22084 --- [pool-2-thread-1] com.dbagent.monitor.MonitorService       : fleet_status failed for db_id=patent_portal_1 after 5015ms: java.sql.SQLTransientConnectionException: oracle-patent_portal_1 - Connection is not available, request timed out after 5014ms (total=0, active=0, idle=0, waiting=0)
2026-09-02T16:26:00.150+09:00  WARN 22084 --- [pool-2-thread-3] com.dbagent.monitor.MonitorService       : fleet_status failed for db_id=patent_search_2 after 5015ms: java.sql.SQLTransientConnectionException: oracle-patent_search_2 - Connection is not available, request timed out after 5014ms (total=0, active=0, idle=0, waiting=0)
2026-09-02T16:26:00.150+09:00  WARN 22084 --- [pool-2-thread-7] com.dbagent.monitor.MonitorService       : fleet_status failed for db_id=patent_portal_2 after 5014ms: java.sql.SQLTransientConnectionException: oracle-patent_portal_2 - Connection is not available, request timed out after 5013ms (total=0, active=0, idle=0, waiting=0)
