
  .   ____          _            __ _ _
 /\\ / ___'_ __ _ _(_)_ __  __ _ \ \ \ \
( ( )\___ | '_ | '_| | '_ \/ _` | \ \ \ \
 \\/  ___)| |_)| | | | | || (_| |  ) ) ) )
  '  |____| .__|_| |_|_| |_\__, | / / / /
 =========|_|==============|___/=/_/_/_/

 :: Spring Boot ::                (v3.3.5)

2026-09-11T10:04:27.635+09:00  INFO 21780 --- [           main] com.dbagent.DbAgentApplication           : Starting DbAgentApplication v0.1.0 using Java 17.0.20 with PID 21780 (C:\AI-PROJECTS\DBAgent-Java\dist\dbagent-java-0.1.0.jar started by 윤인수 in C:\AI-PROJECTS\DBAgent-Java\dist)
2026-09-11T10:04:27.639+09:00  INFO 21780 --- [           main] com.dbagent.DbAgentApplication           : No active profile set, falling back to 1 default profile: "default"
2026-09-11T10:04:28.723+09:00  INFO 21780 --- [           main] o.s.b.w.embedded.tomcat.TomcatWebServer  : Tomcat initialized with port 8006 (http)
2026-09-11T10:04:28.735+09:00  INFO 21780 --- [           main] o.apache.catalina.core.StandardService   : Starting service [Tomcat]
2026-09-11T10:04:28.735+09:00  INFO 21780 --- [           main] o.apache.catalina.core.StandardEngine    : Starting Servlet engine: [Apache Tomcat/10.1.31]
2026-09-11T10:04:28.778+09:00  INFO 21780 --- [           main] o.a.c.c.C.[Tomcat].[localhost].[/]       : Initializing Spring embedded WebApplicationContext
2026-09-11T10:04:28.779+09:00  INFO 21780 --- [           main] w.s.c.ServletWebServerApplicationContext : Root WebApplicationContext: initialization completed in 1101 ms
2026-09-11T10:04:29.008+09:00  INFO 21780 --- [           main] com.zaxxer.hikari.HikariDataSource       : HikariPool-1 - Starting...
2026-09-11T10:04:29.219+09:00  INFO 21780 --- [           main] com.zaxxer.hikari.pool.HikariPool        : HikariPool-1 - Added connection org.sqlite.jdbc4.JDBC4Connection@d13baac
2026-09-11T10:04:29.220+09:00  INFO 21780 --- [           main] com.zaxxer.hikari.HikariDataSource       : HikariPool-1 - Start completed.
2026-09-11T10:04:29.352+09:00  INFO 21780 --- [           main] o.s.b.a.w.s.WelcomePageHandlerMapping    : Adding welcome page: class path resource [static/index.html]
2026-09-11T10:04:29.657+09:00  INFO 21780 --- [           main] o.s.b.w.embedded.tomcat.TomcatWebServer  : Tomcat started on port 8006 (http) with context path '/'
2026-09-11T10:04:29.674+09:00  INFO 21780 --- [           main] com.dbagent.DbAgentApplication           : Started DbAgentApplication in 2.41 seconds (process running for 2.875)
2026-09-11T10:05:10.322+09:00  INFO 21780 --- [nio-8006-exec-1] o.a.c.c.C.[Tomcat].[localhost].[/]       : Initializing Spring DispatcherServlet 'dispatcherServlet'
2026-09-11T10:05:10.324+09:00  INFO 21780 --- [nio-8006-exec-1] o.s.web.servlet.DispatcherServlet        : Initializing Servlet 'dispatcherServlet'
2026-09-11T10:05:10.325+09:00  INFO 21780 --- [nio-8006-exec-1] o.s.web.servlet.DispatcherServlet        : Completed initialization in 1 ms
2026-09-11T10:05:21.584+09:00  WARN 21780 --- [nio-8006-exec-4] .w.s.m.s.DefaultHandlerExceptionResolver : Resolved [org.springframework.http.converter.HttpMessageNotReadableException: JSON parse error: Invalid UTF-8 middle byte 0xd7]
2026-09-11T10:05:41.414+09:00  WARN 21780 --- [nio-8006-exec-5] c.d.s.SqlTuneAdvisorController           : SQL Tune Advisor 서버 연결 실패 (url=http://localhost:9300): java.net.ConnectException
